\BOOKMARK [1][-]{section.1}{\376\377\000C\000o\000u\000r\000s\000e\000\040\000I\000n\000f\000o\000r\000m\000a\000t\000i\000o\000n}{}% 1
\BOOKMARK [1][-]{section.2}{\376\377\000C\000o\000u\000r\000s\000e\000\040\000D\000e\000s\000c\000r\000i\000p\000t\000i\000o\000n}{}% 2
\BOOKMARK [1][-]{section.3}{\376\377\000C\000o\000u\000r\000s\000e\000\040\000L\000e\000a\000r\000n\000i\000n\000g\000\040\000O\000u\000t\000c\000o\000m\000e\000s}{}% 3
\BOOKMARK [1][-]{section.4}{\376\377\000C\000o\000m\000p\000u\000t\000i\000n\000g\000\040\000E\000n\000v\000i\000r\000o\000n\000m\000e\000n\000t}{}% 4
\BOOKMARK [1][-]{section.5}{\376\377\000C\000o\000u\000r\000s\000e\000\040\000F\000o\000r\000m\000a\000t}{}% 5
\BOOKMARK [1][-]{section.6}{\376\377\000R\000e\000a\000d\000i\000n\000g\000s\000\040\000a\000n\000d\000\040\000C\000o\000u\000r\000s\000e\000\040\000M\000a\000t\000e\000r\000i\000a\000l\000s}{}% 6
\BOOKMARK [1][-]{section.7}{\376\377\000A\000s\000s\000e\000s\000s\000m\000e\000n\000t\000\040\000a\000n\000d\000\040\000G\000r\000a\000d\000i\000n\000g}{}% 7
\BOOKMARK [2][-]{subsection.7.1}{\376\377\000E\000N\000G\000R\000\040\0001\0004\0005\0001}{section.7}% 8
\BOOKMARK [2][-]{subsection.7.2}{\376\377\000E\000N\000G\000R\000\040\0002\0004\0005\0001}{section.7}% 9
\BOOKMARK [2][-]{subsection.7.3}{\376\377\000W\000r\000i\000t\000t\000e\000n\000\040\000M\000i\000d\000t\000e\000r\000m\000\040\000a\000n\000d\000\040\000F\000i\000n\000a\000l\000\040\000E\000x\000a\000m\000s}{section.7}% 10
\BOOKMARK [2][-]{subsection.7.4}{\376\377\000L\000a\000b\000\040\000E\000x\000e\000r\000c\000i\000s\000e\000s}{section.7}% 11
\BOOKMARK [2][-]{subsection.7.5}{\376\377\000E\000N\000G\000R\000\040\0002\0004\0005\0001\000\040\000S\000e\000m\000e\000s\000t\000e\000r\000\040\000P\000r\000o\000j\000e\000c\000t}{section.7}% 12
\BOOKMARK [1][-]{section.8}{\376\377\000G\000e\000n\000e\000r\000a\000t\000i\000v\000e\000\040\000A\000I\000\040\000a\000n\000d\000\040\000C\000o\000l\000l\000a\000b\000o\000r\000a\000t\000i\000o\000n}{}% 13
\BOOKMARK [1][-]{section.9}{\376\377\000T\000e\000n\000t\000a\000t\000i\000v\000e\000\040\000C\000o\000u\000r\000s\000e\000\040\000S\000c\000h\000e\000d\000u\000l\000e}{}% 14
\BOOKMARK [1][-]{section.10}{\376\377\000C\000o\000u\000r\000s\000e\000\040\000P\000o\000l\000i\000c\000i\000e\000s}{}% 15
\BOOKMARK [2][-]{subsection.10.1}{\376\377\000A\000t\000t\000e\000n\000d\000a\000n\000c\000e\000\040\000a\000n\000d\000\040\000P\000a\000r\000t\000i\000c\000i\000p\000a\000t\000i\000o\000n}{section.10}% 16
\BOOKMARK [2][-]{subsection.10.2}{\376\377\000C\000o\000m\000m\000u\000n\000i\000c\000a\000t\000i\000o\000n}{section.10}% 17
\BOOKMARK [2][-]{subsection.10.3}{\376\377\000A\000c\000a\000d\000e\000m\000i\000c\000\040\000I\000n\000t\000e\000g\000r\000i\000t\000y}{section.10}% 18
\BOOKMARK [2][-]{subsection.10.4}{\376\377\000D\000i\000s\000a\000b\000i\000l\000i\000t\000y\000\040\000a\000n\000d\000\040\000A\000c\000c\000e\000s\000s\000i\000b\000i\000l\000i\000t\000y\000\040\000A\000c\000c\000o\000m\000m\000o\000d\000a\000t\000i\000o\000n\000s}{section.10}% 19
\BOOKMARK [2][-]{subsection.10.5}{\376\377\000C\000h\000a\000n\000g\000e\000s\000\040\000t\000o\000\040\000t\000h\000e\000\040\000S\000y\000l\000l\000a\000b\000u\000s}{section.10}% 20
